// Jest Snapshot v1, https://goo.gl/fbAQLP

exports[`login should render without problems 1`] = `
<div
  className="auth-page"
>
  <div
    className="container page"
  >
    <div
      className="row"
    >
      <div
        className="col-md-6 offset-md-3 col-xs-12"
      >
        <h1
          className="text-xs-center"
        >
          Sign in
        </h1>
        <p
          className="text-xs-center"
        >
          <withRouter(ActiveLink)
            href="/register"
          >
            Need an account?
          </withRouter(ActiveLink)>
        </p>
        <ErrorsList />
        <form
          onSubmit={[Function]}
        >
          <fieldset
            className="form-group"
          >
            <input
              className="form-control form-control-lg"
              onChange={[Function]}
              placeholder="Email"
              type="email"
              value=""
            />
          </fieldset>
          <fieldset
            className="form-group"
          >
            <input
              className="form-control form-control-lg"
              onChange={[Function]}
              placeholder="Password"
              type="password"
              value=""
            />
          </fieldset>
          <button
            className="btn btn-lg btn-primary pull-xs-right"
          >
            Sign up
          </button>
        </form>
      </div>
    </div>
  </div>
</div>
`;
